// Jest Snapshot v1, https://goo.gl/fbAQLP

exports[`Card component matches snapshot 1`] = `
<DocumentFragment>
  <article
    class="h-full flex flex-col border-2 border-secondary rounded-xl shadow-xl overflow-hidden"
  >
    <a
      href="/blogs/test-blog"
    >
      <img
        alt="placeholder"
        class="aspect-[4/3] object-cover w-full grayscale"
        data-nimg="1"
        decoding="async"
        height="263"
        loading="lazy"
        src="/_next/image?url=%2Fimage.jpg&w=750&q=75"
        srcset="/_next/image?url=%2Fimage.jpg&w=384&q=75 1x, /_next/image?url=%2Fimage.jpg&w=750&q=75 2x"
        style="color: transparent;"
        width="350"
      />
    </a>
    <div
      class="flex-1 p-6 bg-base-300"
    >
      <a
        href="/blogs/test-blog"
      >
        <h3
          class="text-2xl font-bold leading-tight py-4 text-accent"
        >
          Test Blog Title
        </h3>
      </a>
      <div
        class="font-bold"
      >
        Category Name
      </div>
      <p
        class="mt-4 mb-2"
      >
        This is a summary of the blog post.
      </p>
      <p
        class="mt-2 mb-2 font-bold"
      >
        authoredBy: Author Name
      </p>
      <p
        class="mt-2 mb-2 font-bold"
      >
        authoredOn: September 4, 2024
      </p>
      <p
        class="mt-2 mb-2 font-bold text-secondary"
      >
        publishedOn: In Draft
      </p>
      <div
        class="flex justify-end"
      >
        <a
          class="inline-flex h-10 items-center justify-center font-medium text-accent"
          href="/blogs/test-blog"
        >
          readMore â†’
        </a>
      </div>
    </div>
  </article>
</DocumentFragment>
`;
